suvedharan.manic@TIGER01189 MINGW64 /d/suvedharan/Assignment/git_test/suvedharan-tiger-analytics (main)
$ git status
On branch main
Your branch is up to date with 'origin/main'.

Untracked files:
  (use "git add <file>..." to include in what will be committed)
        test_document.txt

nothing added to commit but untracked files present (use "git add" to track)

suvedharan.manic@TIGER01189 MINGW64 /d/suvedharan/Assignment/git_test/suvedharan-tiger-analytics (main)
$ git add .

suvedharan.manic@TIGER01189 MINGW64 /d/suvedharan/Assignment/git_test/suvedharan-tiger-analytics (main)
$ git status
On branch main
Your branch is up to date with 'origin/main'.

Changes to be committed:
  (use "git restore --staged <file>..." to unstage)
        new file:   test_document.txt


suvedharan.manic@TIGER01189 MINGW64 /d/suvedharan/Assignment/git_test/suvedharan-tiger-analytics (main)
$ git commit -m 'Initial project version'
[main d03daf8] Initial project version
 Committer: Suvedharan Manickam <suvedharan.manic@tigeranalytics.local>
Your name and email address were configured automatically based
on your username and hostname. Please check that they are accurate.
You can suppress this message by setting them explicitly. Run the
following command and follow the instructions in your editor to edit
your configuration file:

    git config --global --edit

After doing this, you may fix the identity used for this commit with:

    git commit --amend --reset-author

 1 file changed, 3 insertions(+)
 create mode 100644 test_document.txt

suvedharan.manic@TIGER01189 MINGW64 /d/suvedharan/Assignment/git_test/suvedharan-tiger-analytics (main)
$ git push
info: please complete authentication in your browser...
fatal: An error occurred while sending the request.
fatal: The remote name could not be resolved: 'github.com'
remote: Support for password authentication was removed on August 13, 2021.
remote: Please see https://docs.github.com/get-started/getting-started-with-git/about-remote-repositories#cloning-with-https-urls for information on currently recommended modes of authentication.
fatal: Authentication failed for 'https://github.com/suvedharan-tiger-analytics/suvedharan-tiger-analytics.git/'

suvedharan.manic@TIGER01189 MINGW64 /d/suvedharan/Assignment/git_test/suvedharan-tiger-analytics (main)
$ git status
On branch main
Your branch is ahead of 'origin/main' by 1 commit.
  (use "git push" to publish your local commits)

nothing to commit, working tree clean

suvedharan.manic@TIGER01189 MINGW64 /d/suvedharan/Assignment/git_test/suvedharan-tiger-analytics (main)
$ git push
fatal: unable to access 'https://github.com/suvedharan-tiger-analytics/suvedharan-tiger-analytics.git/': OpenSSL SSL_connect: SSL_ERROR_SYSCALL in connection to github.com:443

suvedharan.manic@TIGER01189 MINGW64 /d/suvedharan/Assignment/git_test/suvedharan-tiger-analytics (main)
$ git push
info: please complete authentication in your browser...
Enumerating objects: 4, done.
Counting objects: 100% (4/4), done.
Delta compression using up to 8 threads
Compressing objects: 100% (2/2), done.
Writing objects: 100% (3/3), 338 bytes | 169.00 KiB/s, done.
Total 3 (delta 0), reused 0 (delta 0), pack-reused 0 (from 0)
To https://github.com/suvedharan-tiger-analytics/suvedharan-tiger-analytics.git
   5ce8dd4..d03daf8  main -> main

suvedharan.manic@TIGER01189 MINGW64 /d/suvedharan/Assignment/git_test/suvedharan-tiger-analytics (main)
$ git push
Everything up-to-date

suvedharan.manic@TIGER01189 MINGW64 /d/suvedharan/Assignment/git_test/suvedharan-tiger-analytics (main)
$ git status
On branch main
Your branch is up to date with 'origin/main'.

Changes not staged for commit:
  (use "git add <file>..." to update what will be committed)
  (use "git restore <file>..." to discard changes in working directory)
        modified:   test_document.txt

no changes added to commit (use "git add" and/or "git commit -a")

suvedharan.manic@TIGER01189 MINGW64 /d/suvedharan/Assignment/git_test/suvedharan-tiger-analytics (main)
$ git add .

suvedharan.manic@TIGER01189 MINGW64 /d/suvedharan/Assignment/git_test/suvedharan-tiger-analytics (main)
$ git commit -m 'Updated project version'
[main ce77dcb] Updated project version
 Committer: Suvedharan Manickam <suvedharan.manic@tigeranalytics.local>
Your name and email address were configured automatically based
on your username and hostname. Please check that they are accurate.
You can suppress this message by setting them explicitly. Run the
following command and follow the instructions in your editor to edit
your configuration file:

    git config --global --edit

After doing this, you may fix the identity used for this commit with:

    git commit --amend --reset-author

 1 file changed, 3 insertions(+), 1 deletion(-)

suvedharan.manic@TIGER01189 MINGW64 /d/suvedharan/Assignment/git_test/suvedharan-tiger-analytics (main)
$ git status
On branch main
Your branch is ahead of 'origin/main' by 1 commit.
  (use "git push" to publish your local commits)

nothing to commit, working tree clean

suvedharan.manic@TIGER01189 MINGW64 /d/suvedharan/Assignment/git_test/suvedharan-tiger-analytics (main)
$ git push
Enumerating objects: 5, done.
Counting objects: 100% (5/5), done.
Delta compression using up to 8 threads
Compressing objects: 100% (2/2), done.
Writing objects: 100% (3/3), 355 bytes | 118.00 KiB/s, done.
Total 3 (delta 0), reused 0 (delta 0), pack-reused 0 (from 0)
To https://github.com/suvedharan-tiger-analytics/suvedharan-tiger-analytics.git
   d03daf8..ce77dcb  main -> main

suvedharan.manic@TIGER01189 MINGW64 /d/suvedharan/Assignment/git_test/suvedharan-tiger-analytics (main)
$ git status
On branch main
Your branch is up to date with 'origin/main'.

nothing to commit, working tree clean

suvedharan.manic@TIGER01189 MINGW64 /d/suvedharan/Assignment/git_test/suvedharan-tiger-analytics (main)
$ echo 'My Project' > README

suvedharan.manic@TIGER01189 MINGW64 /d/suvedharan/Assignment/git_test/suvedharan-tiger-analytics (main)
$ git status
On branch main
Your branch is up to date with 'origin/main'.

Untracked files:
  (use "git add <file>..." to include in what will be committed)
        README

nothing added to commit but untracked files present (use "git add" to track)

suvedharan.manic@TIGER01189 MINGW64 /d/suvedharan/Assignment/git_test/suvedharan-tiger-analytics (main)
$ git status
On branch main
Your branch is up to date with 'origin/main'.

Untracked files:
  (use "git add <file>..." to include in what will be committed)
        README

nothing added to commit but untracked files present (use "git add" to track)

suvedharan.manic@TIGER01189 MINGW64 /d/suvedharan/Assignment/git_test/suvedharan-tiger-analytics (main)
$ git add README
warning: in the working copy of 'README', LF will be replaced by CRLF the next time Git touches it

suvedharan.manic@TIGER01189 MINGW64 /d/suvedharan/Assignment/git_test/suvedharan-tiger-analytics (main)
$ git status
On branch main
Your branch is up to date with 'origin/main'.

Changes to be committed:
  (use "git restore --staged <file>..." to unstage)
        new file:   README


suvedharan.manic@TIGER01189 MINGW64 /d/suvedharan/Assignment/git_test/suvedharan-tiger-analytics (main)
$ git add test_document*

suvedharan.manic@TIGER01189 MINGW64 /d/suvedharan/Assignment/git_test/suvedharan-tiger-analytics (main)
$ git status
On branch main
Your branch is up to date with 'origin/main'.

Changes to be committed:
  (use "git restore --staged <file>..." to unstage)
        new file:   README
        modified:   test_document.txt

suvedharan.manic@TIGER01189 MINGW64 /d/suvedharan/Assignment/git_test/suvedharan-tiger-analytics (main)
$ git status
On branch main
Your branch is up to date with 'origin/main'.

Changes to be committed:
  (use "git restore --staged <file>..." to unstage)
        new file:   README
        modified:   test_document.txt
    
suvedharan.manic@TIGER01189 MINGW64 /d/suvedharan/Assignment/git_test/suvedharan-tiger-analytics (main)
$ git commit -m "updated changes data"
[main 1ec0e2e] updated changes data
 Committer: Suvedharan Manickam <suvedharan.manic@tigeranalytics.local>
Your name and email address were configured automatically based
on your username and hostname. Please check that they are accurate.
You can suppress this message by setting them explicitly. Run the
following command and follow the instructions in your editor to edit
your configuration file:

    git config --global --edit

After doing this, you may fix the identity used for this commit with:

    git commit --amend --reset-author

 2 files changed, 4 insertions(+), 1 deletion(-)
 create mode 100644 README

suvedharan.manic@TIGER01189 MINGW64 /d/suvedharan/Assignment/git_test/suvedharan-tiger-analytics (main)
$ git push
Enumerating objects: 6, done.
Counting objects: 100% (6/6), done.
Delta compression using up to 8 threads
Compressing objects: 100% (3/3), done.
Writing objects: 100% (4/4), 411 bytes | 137.00 KiB/s, done.
Total 4 (delta 0), reused 0 (delta 0), pack-reused 0 (from 0)
To https://github.com/suvedharan-tiger-analytics/suvedharan-tiger-analytics.git
   ce77dcb..1ec0e2e  main -> main

suvedharan.manic@TIGER01189 MINGW64 /d/suvedharan/Assignment/git_test/suvedharan-tiger-analytics (main)
$

suvedharan.manic@TIGER01189 MINGW64 /d/suvedharan/Assignment/git_test/suvedharan-tiger-analytics (main)
$ rm README

suvedharan.manic@TIGER01189 MINGW64 /d/suvedharan/Assignment/git_test/suvedharan-tiger-analytics (main)
$ git status
On branch main
Your branch is up to date with 'origin/main'.

Changes not staged for commit:
  (use "git add/rm <file>..." to update what will be committed)
  (use "git restore <file>..." to discard changes in working directory)
        deleted:    README

no changes added to commit (use "git add" and/or "git commit -a")

suvedharan.manic@TIGER01189 MINGW64 /d/suvedharan/Assignment/git_test/suvedharan-tiger-analytics (main)
$ git rm README
rm 'README'

suvedharan.manic@TIGER01189 MINGW64 /d/suvedharan/Assignment/git_test/suvedharan-tiger-analytics (main)
$ git status
On branch main
Your branch is up to date with 'origin/main'.

Changes to be committed:
  (use "git restore --staged <file>..." to unstage)
        deleted:    README


suvedharan.manic@TIGER01189 MINGW64 /d/suvedharan/Assignment/git_test/suvedharan-tiger-analytics (main)
$ git mv README.md README1.md

suvedharan.manic@TIGER01189 MINGW64 /d/suvedharan/Assignment/git_test/suvedharan-tiger-analytics (main)
$ git status
On branch main
Your branch is up to date with 'origin/main'.

Changes to be committed:
  (use "git restore --staged <file>..." to unstage)
        deleted:    README
        renamed:    README.md -> README1.md


suvedharan.manic@TIGER01189 MINGW64 /d/suvedharan/Assignment/git_test/suvedharan-tiger-analytics (main)
$ git rm README.md
fatal: pathspec 'README.md' did not match any files

suvedharan.manic@TIGER01189 MINGW64 /d/suvedharan/Assignment/git_test/suvedharan-tiger-analytics (main)
$ mv README1.md README.md

suvedharan.manic@TIGER01189 MINGW64 /d/suvedharan/Assignment/git_test/suvedharan-tiger-analytics (main)
$ git commit status
error: pathspec 'status' did not match any file(s) known to git

suvedharan.manic@TIGER01189 MINGW64 /d/suvedharan/Assignment/git_test/suvedharan-tiger-analytics (main)
$ git commit -m "updated chages after file change"
[main e1a9815] updated chages after file change
 Committer: Suvedharan Manickam <suvedharan.manic@tigeranalytics.local>
Your name and email address were configured automatically based
on your username and hostname. Please check that they are accurate.
You can suppress this message by setting them explicitly. Run the
following command and follow the instructions in your editor to edit
your configuration file:

    git config --global --edit

After doing this, you may fix the identity used for this commit with:

    git commit --amend --reset-author

 2 files changed, 1 deletion(-)
 delete mode 100644 README
 rename README.md => README1.md (100%)

suvedharan.manic@TIGER01189 MINGW64 /d/suvedharan/Assignment/git_test/suvedharan-tiger-analytics (main)
$ git push
Enumerating objects: 3, done.
Counting objects: 100% (3/3), done.
Delta compression using up to 8 threads
Compressing objects: 100% (2/2), done.
Writing objects: 100% (2/2), 308 bytes | 154.00 KiB/s, done.
Total 2 (delta 0), reused 0 (delta 0), pack-reused 0 (from 0)
To https://github.com/suvedharan-tiger-analytics/suvedharan-tiger-analytics.git
   1ec0e2e..e1a9815  main -> main
suvedharan.manic@TIGER01189 MINGW64 /d/suvedharan/Assignment/git_test/suvedharan-tiger-analytics (main)
$ rm README

suvedharan.manic@TIGER01189 MINGW64 /d/suvedharan/Assignment/git_test/suvedharan-tiger-analytics (main)
$ git status
On branch main
Your branch is up to date with 'origin/main'.

Changes not staged for commit:
  (use "git add/rm <file>..." to update what will be committed)
  (use "git restore <file>..." to discard changes in working directory)
        deleted:    README

no changes added to commit (use "git add" and/or "git commit -a")

suvedharan.manic@TIGER01189 MINGW64 /d/suvedharan/Assignment/git_test/suvedharan-tiger-analytics (main)
$ git rm README
rm 'README'

suvedharan.manic@TIGER01189 MINGW64 /d/suvedharan/Assignment/git_test/suvedharan-tiger-analytics (main)
$ git status
On branch main
Your branch is up to date with 'origin/main'.

Changes to be committed:
  (use "git restore --staged <file>..." to unstage)
        deleted:    README


suvedharan.manic@TIGER01189 MINGW64 /d/suvedharan/Assignment/git_test/suvedharan-tiger-analytics (main)
$ git mv README.md README1.md

suvedharan.manic@TIGER01189 MINGW64 /d/suvedharan/Assignment/git_test/suvedharan-tiger-analytics (main)
$ git status
On branch main
Your branch is up to date with 'origin/main'.

Changes to be committed:
  (use "git restore --staged <file>..." to unstage)
        deleted:    README
        renamed:    README.md -> README1.md


suvedharan.manic@TIGER01189 MINGW64 /d/suvedharan/Assignment/git_test/suvedharan-tiger-analytics (main)
$ git rm README.md
fatal: pathspec 'README.md' did not match any files

suvedharan.manic@TIGER01189 MINGW64 /d/suvedharan/Assignment/git_test/suvedharan-tiger-analytics (main)
$ mv README1.md README.md

suvedharan.manic@TIGER01189 MINGW64 /d/suvedharan/Assignment/git_test/suvedharan-tiger-analytics (main)
$ git commit status
error: pathspec 'status' did not match any file(s) known to git

suvedharan.manic@TIGER01189 MINGW64 /d/suvedharan/Assignment/git_test/suvedharan-tiger-analytics (main)
$ git commit -m "updated chages after file change"
[main e1a9815] updated chages after file change
 Committer: Suvedharan Manickam <suvedharan.manic@tigeranalytics.local>
Your name and email address were configured automatically based
on your username and hostname. Please check that they are accurate.
You can suppress this message by setting them explicitly. Run the
following command and follow the instructions in your editor to edit
your configuration file:

    git config --global --edit

After doing this, you may fix the identity used for this commit with:

    git commit --amend --reset-author

 2 files changed, 1 deletion(-)
 delete mode 100644 README
 rename README.md => README1.md (100%)

suvedharan.manic@TIGER01189 MINGW64 /d/suvedharan/Assignment/git_test/suvedharan-tiger-analytics (main)
$ git push
Enumerating objects: 3, done.
Counting objects: 100% (3/3), done.
Delta compression using up to 8 threads
Compressing objects: 100% (2/2), done.
Writing objects: 100% (2/2), 308 bytes | 154.00 KiB/s, done.
Total 2 (delta 0), reused 0 (delta 0), pack-reused 0 (from 0)
To https://github.com/suvedharan-tiger-analytics/suvedharan-tiger-analytics.git
   1ec0e2e..e1a9815  main -> main

suvedharan.manic@TIGER01189 MINGW64 /d/suvedharan/Assignment/git_test/suvedharan-tiger-analytics (main)
$ git remote -v
origin  https://github.com/suvedharan-tiger-analytics/suvedharan-tiger-analytics.git (fetch)
origin  https://github.com/suvedharan-tiger-analytics/suvedharan-tiger-analytics.git (push)

suvedharan.manic@TIGER01189 MINGW64 /d/suvedharan/Assignment/git_test/suvedharan-tiger-analytics (main)
$ git remote add test https://github.com/suvedharan-tiger-analytics/suvedharan-tiger-analytics.git

suvedharan.manic@TIGER01189 MINGW64 /d/suvedharan/Assignment/git_test/suvedharan-tiger-analytics (main)
$ git remote -v
origin  https://github.com/suvedharan-tiger-analytics/suvedharan-tiger-analytics.git (fetch)
origin  https://github.com/suvedharan-tiger-analytics/suvedharan-tiger-analytics.git (push)
test    https://github.com/suvedharan-tiger-analytics/suvedharan-tiger-analytics.git (fetch)
test    https://github.com/suvedharan-tiger-analytics/suvedharan-tiger-analytics.git (push)

suvedharan.manic@TIGER01189 MINGW64 /d/suvedharan/Assignment/git_test/suvedharan-tiger-analytics (main)
$ git status
On branch main
Your branch is up to date with 'origin/main'.

Changes not staged for commit:
  (use "git add/rm <file>..." to update what will be committed)
  (use "git restore <file>..." to discard changes in working directory)
        deleted:    README1.md

Untracked files:
  (use "git add <file>..." to include in what will be committed)
        README.md

no changes added to commit (use "git add" and/or "git commit -a")

suvedharan.manic@TIGER01189 MINGW64 /d/suvedharan/Assignment/git_test/suvedharan-tiger-analytics (main)
$ git push
Everything up-to-date

suvedharan.manic@TIGER01189 MINGW64 /d/suvedharan/Assignment/git_test/suvedharan-tiger-analytics (main)
$ git commit -m "updated changes"
On branch main
Your branch is up to date with 'origin/main'.

Changes not staged for commit:
  (use "git add/rm <file>..." to update what will be committed)
  (use "git restore <file>..." to discard changes in working directory)
        deleted:    README1.md

Untracked files:
  (use "git add <file>..." to include in what will be committed)
        README.md

no changes added to commit (use "git add" and/or "git commit -a")

suvedharan.manic@TIGER01189 MINGW64 /d/suvedharan/Assignment/git_test/suvedharan-tiger-analytics (main)
$ git status
On branch main
Your branch is up to date with 'origin/main'.

Changes not staged for commit:
  (use "git add/rm <file>..." to update what will be committed)
  (use "git restore <file>..." to discard changes in working directory)
        deleted:    README1.md

Untracked files:
  (use "git add <file>..." to include in what will be committed)
        README.md

no changes added to commit (use "git add" and/or "git commit -a")

suvedharan.manic@TIGER01189 MINGW64 /d/suvedharan/Assignment/git_test/suvedharan-tiger-analytics (main)
$ git add .

suvedharan.manic@TIGER01189 MINGW64 /d/suvedharan/Assignment/git_test/suvedharan-tiger-analytics (main)
$ git commit -m "updated changes"
[main dbf5825] updated changes
 Committer: Suvedharan Manickam <suvedharan.manic@tigeranalytics.local>
Your name and email address were configured automatically based
on your username and hostname. Please check that they are accurate.
You can suppress this message by setting them explicitly. Run the
following command and follow the instructions in your editor to edit
your configuration file:

    git config --global --edit

After doing this, you may fix the identity used for this commit with:

    git commit --amend --reset-author

 1 file changed, 0 insertions(+), 0 deletions(-)
 rename README1.md => README.md (100%)

suvedharan.manic@TIGER01189 MINGW64 /d/suvedharan/Assignment/git_test/suvedharan-tiger-analytics (main)
$ git status
On branch main
Your branch is ahead of 'origin/main' by 1 commit.
  (use "git push" to publish your local commits)

nothing to commit, working tree clean

suvedharan.manic@TIGER01189 MINGW64 /d/suvedharan/Assignment/git_test/suvedharan-tiger-analytics (main)
$ git push
Enumerating objects: 3, done.
Counting objects: 100% (3/3), done.
Delta compression using up to 8 threads
Compressing objects: 100% (2/2), done.
Writing objects: 100% (2/2), 295 bytes | 73.00 KiB/s, done.
Total 2 (delta 0), reused 0 (delta 0), pack-reused 0 (from 0)
To https://github.com/suvedharan-tiger-analytics/suvedharan-tiger-analytics.git
   e1a9815..dbf5825  main -> main

suvedharan.manic@TIGER01189 MINGW64 /d/suvedharan/Assignment/git_test/suvedharan-tiger-analytics (main)
$ git log
commit dbf5825e5c7dbc7a7a598c34068beb26f4ab1cf1 (HEAD -> main, origin/main, origin/HEAD)
Author: Suvedharan Manickam <suvedharan.manic@tigeranalytics.local>
Date:   Mon Mar 25 15:31:05 2024 +0530

    updated changes

commit e1a9815edac0279f2860e43cca88cfbb3cdced68
Author: Suvedharan Manickam <suvedharan.manic@tigeranalytics.local>
Date:   Mon Mar 25 15:26:11 2024 +0530

    updated chages after file change

commit 1ec0e2ed2ae0185b8e01da233851ebad8c36bdb1
Author: Suvedharan Manickam <suvedharan.manic@tigeranalytics.local>
Date:   Mon Mar 25 15:09:34 2024 +0530

    updated changes data

commit ce77dcbccaadff68d31c100af079dd4dffae8421
Author: Suvedharan Manickam <suvedharan.manic@tigeranalytics.local>
Date:   Mon Mar 25 14:56:12 2024 +0530

    Updated project version

commit d03daf8eb93ce64262cd00c71be4786da195ee4b
Author: Suvedharan Manickam <suvedharan.manic@tigeranalytics.local>
Date:   Mon Mar 25 14:45:01 2024 +0530

    Initial project version
:

suvedharan.manic@TIGER01189 MINGW64 /d/suvedharan/Assignment/git_test/suvedharan-tiger-analytics (testing)
$ git branch
  main
* testing

suvedharan.manic@TIGER01189 MINGW64 /d/suvedharan/Assignment/git_test/suvedharan-tiger-analytics (testing)
$ git status
On branch testing
Untracked files:
  (use "git add <file>..." to include in what will be committed)
        .test.rb.swp
        test.rb

nothing added to commit but untracked files present (use "git add" to track)

suvedharan.manic@TIGER01189 MINGW64 /d/suvedharan/Assignment/git_test/suvedharan-tiger-analytics (testing)
$ git add .
warning: in the working copy of 'test.rb', LF will be replaced by CRLF the next time Git touches it

suvedharan.manic@TIGER01189 MINGW64 /d/suvedharan/Assignment/git_test/suvedharan-tiger-analytics (testing)
$ git status
On branch testing
Changes to be committed:
  (use "git restore --staged <file>..." to unstage)
        new file:   .test.rb.swp
        new file:   test.rb


suvedharan.manic@TIGER01189 MINGW64 /d/suvedharan/Assignment/git_test/suvedharan-tiger-analytics (testing)
$ rm .test.rb.swp

suvedharan.manic@TIGER01189 MINGW64 /d/suvedharan/Assignment/git_test/suvedharan-tiger-analytics (testing)
$ git rm .test.rb.swp
rm '.test.rb.swp'

suvedharan.manic@TIGER01189 MINGW64 /d/suvedharan/Assignment/git_test/suvedharan-tiger-analytics (testing)
$ git status
On branch testing
Changes to be committed:
  (use "git restore --staged <file>..." to unstage)
        new file:   test.rb


suvedharan.manic@TIGER01189 MINGW64 /d/suvedharan/Assignment/git_test/suvedharan-tiger-analytics (testing)
$ git commit -m "Created new branch"
[testing 7907036] Created new branch
 Committer: Suvedharan Manickam <suvedharan.manic@tigeranalytics.local>
Your name and email address were configured automatically based
on your username and hostname. Please check that they are accurate.
You can suppress this message by setting them explicitly. Run the
following command and follow the instructions in your editor to edit
your configuration file:

    git config --global --edit

After doing this, you may fix the identity used for this commit with:

    git commit --amend --reset-author

 1 file changed, 1 insertion(+)
 create mode 100644 test.rb

suvedharan.manic@TIGER01189 MINGW64 /d/suvedharan/Assignment/git_test/suvedharan-tiger-analytics (testing)
$ git push
fatal: The current branch testing has no upstream branch.
To push the current branch and set the remote as upstream, use

    git push --set-upstream origin testing

To have this happen automatically for branches without a tracking
upstream, see 'push.autoSetupRemote' in 'git help config'.


suvedharan.manic@TIGER01189 MINGW64 /d/suvedharan/Assignment/git_test/suvedharan-tiger-analytics (testing)
$ git push --set-upstream origin testing
Enumerating objects: 6, done.
Counting objects: 100% (6/6), done.
Delta compression using up to 8 threads
Compressing objects: 100% (4/4), done.
Writing objects: 100% (5/5), 532 bytes | 177.00 KiB/s, done.
Total 5 (delta 1), reused 0 (delta 0), pack-reused 0 (from 0)
remote: Resolving deltas: 100% (1/1), done.
remote:
remote: Create a pull request for 'testing' on GitHub by visiting:
remote:      https://github.com/suvedharan-tiger-analytics/suvedharan-tiger-analytics/pull/new/testing
remote:
To https://github.com/suvedharan-tiger-analytics/suvedharan-tiger-analytics.git
 * [new branch]      testing -> testing
branch 'testing' set up to track 'origin/testing'.

suvedharan.manic@TIGER01189 MINGW64 /d/suvedharan/Assignment/git_test/suvedharan-tiger-analytics (testing)
$ git branch --merged
  main
* testing

suvedharan.manic@TIGER01189 MINGW64 /d/suvedharan/Assignment/git_test/suvedharan-tiger-analytics (testing)
$ git branch --no-merged

suvedharan.manic@TIGER01189 MINGW64 /d/suvedharan/Assignment/git_test/suvedharan-tiger-analytics (testing)
$ git branch -v
  main    640dd77 [ahead 1, behind 1] updated changes
* testing 7907036 Created new branch

suvedharan.manic@TIGER01189 MINGW64 /d/suvedharan/Assignment/git_test/suvedharan-tiger-analytics (testing)
$
suvedharan.manic@TIGER01189 MINGW64 /d/suvedharan/Assignment/git_test/suvedharan-tiger-analytics (testing)
$ git branch
  main
* testing

suvedharan.manic@TIGER01189 MINGW64 /d/suvedharan/Assignment/git_test/suvedharan-tiger-analytics (testing)
$ git checkout main
Switched to branch 'main'
Your branch and 'origin/main' have diverged,
and have 1 and 1 different commits each, respectively.
  (use "git pull" if you want to integrate the remote branch with yours)

suvedharan.manic@TIGER01189 MINGW64 /d/suvedharan/Assignment/git_test/suvedharan-tiger-analytics (main)
$ git pull
Already up to date.

suvedharan.manic@TIGER01189 MINGW64 /d/suvedharan/Assignment/git_test/suvedharan-tiger-analytics (main)
$ git branch -d testing
warning: deleting branch 'testing' that has been merged to
         'refs/remotes/origin/testing', but not yet merged to HEAD
Deleted branch testing (was 7907036).

suvedharan.manic@TIGER01189 MINGW64 /d/suvedharan/Assignment/git_test/suvedharan-tiger-analytics (main)
$ git branch
* main
  testdata
  testing

suvedharan.manic@TIGER01189 MINGW64 /d/suvedharan/Assignment/git_test/suvedharan-tiger-analytics (main)
$ git checkout testdata
Switched to branch 'testdata'

suvedharan.manic@TIGER01189 MINGW64 /d/suvedharan/Assignment/git_test/suvedharan-tiger-analytics (testdata)
$ git status
On branch testdata
nothing to commit, working tree clean

suvedharan.manic@TIGER01189 MINGW64 /d/suvedharan/Assignment/git_test/suvedharan-tiger-analytics (testdata)
$ nano text.txt

suvedharan.manic@TIGER01189 MINGW64 /d/suvedharan/Assignment/git_test/suvedharan-tiger-analytics (testdata)
$ git status
On branch testdata
Untracked files:
  (use "git add <file>..." to include in what will be committed)
        text.txt

nothing added to commit but untracked files present (use "git add" to track)

suvedharan.manic@TIGER01189 MINGW64 /d/suvedharan/Assignment/git_test/suvedharan-tiger-analytics (testdata)
$ git add .
warning: in the working copy of 'text.txt', LF will be replaced by CRLF the next time Git touches it

suvedharan.manic@TIGER01189 MINGW64 /d/suvedharan/Assignment/git_test/suvedharan-tiger-analytics (testdata)
$ git status
On branch testdata
Changes to be committed:
  (use "git restore --staged <file>..." to unstage)
        new file:   text.txt


suvedharan.manic@TIGER01189 MINGW64 /d/suvedharan/Assignment/git_test/suvedharan-tiger-analytics (testdata)
$ git commit -m "Added new branch"
[testdata e441ea6] Added new branch
 Committer: Suvedharan Manickam <suvedharan.manic@tigeranalytics.local>
Your name and email address were configured automatically based
on your username and hostname. Please check that they are accurate.
You can suppress this message by setting them explicitly. Run the
following command and follow the instructions in your editor to edit
your configuration file:

    git config --global --edit

After doing this, you may fix the identity used for this commit with:

    git commit --amend --reset-author

 1 file changed, 1 insertion(+)
 create mode 100644 text.txt

suvedharan.manic@TIGER01189 MINGW64 /d/suvedharan/Assignment/git_test/suvedharan-tiger-analytics (testdata)
$ git status
On branch testdata
nothing to commit, working tree clean

suvedharan.manic@TIGER01189 MINGW64 /d/suvedharan/Assignment/git_test/suvedharan-tiger-analytics (testdata)
$ git push
fatal: The current branch testdata has no upstream branch.
To push the current branch and set the remote as upstream, use

    git push --set-upstream origin testdata

To have this happen automatically for branches without a tracking
upstream, see 'push.autoSetupRemote' in 'git help config'.


suvedharan.manic@TIGER01189 MINGW64 /d/suvedharan/Assignment/git_test/suvedharan-tiger-analytics (testdata)
$ git push --set-upstream origin testdata
Enumerating objects: 4, done.
Counting objects: 100% (4/4), done.
Delta compression using up to 8 threads
Compressing objects: 100% (2/2), done.
Writing objects: 100% (3/3), 343 bytes | 171.00 KiB/s, done.
Total 3 (delta 0), reused 0 (delta 0), pack-reused 0 (from 0)
remote:
remote: Create a pull request for 'testdata' on GitHub by visiting:
remote:      https://github.com/suvedharan-tiger-analytics/suvedharan-tiger-analytics/pull/new/testdata
remote:
To https://github.com/suvedharan-tiger-analytics/suvedharan-tiger-analytics.git
 * [new branch]      testdata -> testdata
branch 'testdata' set up to track 'origin/testdata'.
